[     111ms] [LOG] [Fast Refresh] rebuilding @ http://localhost:3001/_next/static/chunks/0wb9_next_dist_0xopla8._.js:2477
[     510ms] [LOG] [Fast Refresh] done in 499ms @ http://localhost:3001/_next/static/chunks/0wb9_next_dist_0xopla8._.js:2477
[     602ms] [INFO] %cDownload the React DevTools for a better development experience: https://react.dev/link/react-devtools font-weight:bold @ http://localhost:3001/_next/static/chunks/0wb9_next_dist_0xopla8._.js:2477
[     622ms] [LOG] [HMR] connected @ http://localhost:3001/_next/static/chunks/0wb9_next_dist_0xopla8._.js:2477
[   64287ms] [LOG] [Fast Refresh] rebuilding @ http://localhost:3001/_next/static/chunks/0wb9_next_dist_0xopla8._.js:2477
[   64290ms] [LOG] [Fast Refresh] done in 116ms @ http://localhost:3001/_next/static/chunks/0wb9_next_dist_0xopla8._.js:2477
[   84586ms] [LOG] [Fast Refresh] rebuilding @ http://localhost:3001/_next/static/chunks/0wb9_next_dist_0xopla8._.js:2477
[   84899ms] [LOG] [Fast Refresh] done in 280ms @ http://localhost:3001/_next/static/chunks/0wb9_next_dist_0xopla8._.js:2477
[   99269ms] [LOG] [Fast Refresh] rebuilding @ http://localhost:3001/_next/static/chunks/0wb9_next_dist_0xopla8._.js:2477
[   99298ms] [LOG] [Fast Refresh] done in 110ms @ http://localhost:3001/_next/static/chunks/0wb9_next_dist_0xopla8._.js:2477
[   99403ms] [LOG] [Fast Refresh] rebuilding @ http://localhost:3001/_next/static/chunks/0wb9_next_dist_0xopla8._.js:2477
[   99472ms] [LOG] [Fast Refresh] done in 173ms @ http://localhost:3001/_next/static/chunks/0wb9_next_dist_0xopla8._.js:2477
[   99580ms] [LOG] [Fast Refresh] rebuilding @ http://localhost:3001/_next/static/chunks/0wb9_next_dist_0xopla8._.js:2477
[   99581ms] [LOG] [Fast Refresh] done in 101ms @ http://localhost:3001/_next/static/chunks/0wb9_next_dist_0xopla8._.js:2477
[  114675ms] [LOG] [Fast Refresh] rebuilding @ http://localhost:3001/_next/static/chunks/0wb9_next_dist_0xopla8._.js:2477
[  114762ms] [LOG] [Fast Refresh] done in 90ms @ http://localhost:3001/_next/static/chunks/0wb9_next_dist_0xopla8._.js:2477
[  114876ms] [LOG] [Fast Refresh] rebuilding @ http://localhost:3001/_next/static/chunks/0wb9_next_dist_0xopla8._.js:2477
[  114992ms] [LOG] [Fast Refresh] done in 228ms @ http://localhost:3001/_next/static/chunks/0wb9_next_dist_0xopla8._.js:2477
[  115106ms] [LOG] [Fast Refresh] rebuilding @ http://localhost:3001/_next/static/chunks/0wb9_next_dist_0xopla8._.js:2477
[  115151ms] [LOG] [Fast Refresh] done in 150ms @ http://localhost:3001/_next/static/chunks/0wb9_next_dist_0xopla8._.js:2477
[  115407ms] [LOG] [Fast Refresh] rebuilding @ http://localhost:3001/_next/static/chunks/0wb9_next_dist_0xopla8._.js:2477
[  115416ms] [LOG] [Fast Refresh] done in 110ms @ http://localhost:3001/_next/static/chunks/0wb9_next_dist_0xopla8._.js:2477
[  146551ms] [LOG] [Fast Refresh] rebuilding @ http://localhost:3001/_next/static/chunks/0wb9_next_dist_0xopla8._.js:2477
[  146678ms] [LOG] [Fast Refresh] done in 72ms @ http://localhost:3001/_next/static/chunks/0wb9_next_dist_0xopla8._.js:2477
[  146787ms] [LOG] [Fast Refresh] rebuilding @ http://localhost:3001/_next/static/chunks/0wb9_next_dist_0xopla8._.js:2477
[  146789ms] [LOG] [Fast Refresh] done in 101ms @ http://localhost:3001/_next/static/chunks/0wb9_next_dist_0xopla8._.js:2477
[  153450ms] [LOG] [Fast Refresh] rebuilding @ http://localhost:3001/_next/static/chunks/0wb9_next_dist_0xopla8._.js:2477
[  153482ms] [LOG] [Fast Refresh] done in 45ms @ http://localhost:3001/_next/static/chunks/0wb9_next_dist_0xopla8._.js:2477
[  168483ms] [LOG] [Fast Refresh] rebuilding @ http://localhost:3001/_next/static/chunks/0wb9_next_dist_0xopla8._.js:2477
[  168488ms] [LOG] [Fast Refresh] done in 116ms @ http://localhost:3001/_next/static/chunks/0wb9_next_dist_0xopla8._.js:2477
