[     120ms] [LOG] [Fast Refresh] rebuilding @ http://localhost:3001/_next/static/chunks/0wb9_next_dist_0xopla8._.js:2477
[     517ms] [LOG] [Fast Refresh] done in 505ms @ http://localhost:3001/_next/static/chunks/0wb9_next_dist_0xopla8._.js:2477
[     612ms] [ERROR] Failed to load resource: the server responded with a status of 500 (Internal Server Error) @ http://localhost:3001/dashboard:0
[     638ms] [INFO] %cDownload the React DevTools for a better development experience: https://react.dev/link/react-devtools font-weight:bold @ http://localhost:3001/_next/static/chunks/0wb9_next_dist_0xopla8._.js:2477
[     653ms] [LOG] [HMR] connected @ http://localhost:3001/_next/static/chunks/0wb9_next_dist_0xopla8._.js:2477
[     693ms] Error: Your project's URL and Key are required to create a Supabase client!

Check your Supabase project's API settings to find these values

https://supabase.com/dashboard/project/_/settings/api
    at createServerClient (about://React/Server/C:%5CUsers%5Camita%5CDesktop%5Ckopi%5C.next%5Cdev%5Cserver%5Cchunks%5Cssr%5C0wb9_121hfo2._.js?0:10558:15)
    at createClient (about://React/Server/C:%5CUsers%5Camita%5CDesktop%5Ckopi%5C.next%5Cdev%5Cserver%5Cchunks%5Cssr%5C%5Broot-of-the-server%5D__09103vd._.js?1:39:227)
    at  DashboardPage (about://React/Server/C:%5CUsers%5Camita%5CDesktop%5Ckopi%5C.next%5Cdev%5Cserver%5Cchunks%5Cssr%5C%5Broot-of-the-server%5D__09103vd._.js?2:111:22)
    at resolveErrorDev (http://localhost:3001/_next/static/chunks/0wb9_next_dist_compiled_react-server-dom-turbopack_0bx6.y8._.js:1919:105)
    at processFullStringRow (http://localhost:3001/_next/static/chunks/0wb9_next_dist_compiled_react-server-dom-turbopack_0bx6.y8._.js:2434:29)
    at processFullBinaryRow (http://localhost:3001/_next/static/chunks/0wb9_next_dist_compiled_react-server-dom-turbopack_0bx6.y8._.js:2393:9)
    at processBinaryChunk (http://localhost:3001/_next/static/chunks/0wb9_next_dist_compiled_react-server-dom-turbopack_0bx6.y8._.js:2502:221)
    at progress (http://localhost:3001/_next/static/chunks/0wb9_next_dist_compiled_react-server-dom-turbopack_0bx6.y8._.js:2689:13)
[   14979ms] [LOG] [Fast Refresh] rebuilding @ http://localhost:3001/_next/static/chunks/0wb9_next_dist_0xopla8._.js:2477
[   15059ms] [LOG] [Fast Refresh] done in 49ms @ http://localhost:3001/_next/static/chunks/0wb9_next_dist_0xopla8._.js:2477
[   15177ms] [LOG] [Fast Refresh] rebuilding @ http://localhost:3001/_next/static/chunks/0wb9_next_dist_0xopla8._.js:2477
[   15303ms] [LOG] [Fast Refresh] done in 242ms @ http://localhost:3001/_next/static/chunks/0wb9_next_dist_0xopla8._.js:2477
[   15339ms] [ERROR] Failed to load resource: the server responded with a status of 500 (Internal Server Error) @ http://localhost:3001/dashboard:0
[   15384ms] [INFO] %cDownload the React DevTools for a better development experience: https://react.dev/link/react-devtools font-weight:bold @ http://localhost:3001/_next/static/chunks/0wb9_next_dist_0xopla8._.js:2477
[   15401ms] [LOG] [HMR] connected @ http://localhost:3001/_next/static/chunks/0wb9_next_dist_0xopla8._.js:2477
[   15431ms] Error: Your project's URL and Key are required to create a Supabase client!

Check your Supabase project's API settings to find these values

https://supabase.com/dashboard/project/_/settings/api
    at createServerClient (about://React/Server/C:%5CUsers%5Camita%5CDesktop%5Ckopi%5C.next%5Cdev%5Cserver%5Cchunks%5Cssr%5C0wb9_121hfo2._.js?0:10558:15)
    at createClient (about://React/Server/C:%5CUsers%5Camita%5CDesktop%5Ckopi%5C.next%5Cdev%5Cserver%5Cchunks%5Cssr%5C%5Broot-of-the-server%5D__09103vd._.js?1:44:227)
    at  DashboardPage (about://React/Server/C:%5CUsers%5Camita%5CDesktop%5Ckopi%5C.next%5Cdev%5Cserver%5Cchunks%5Cssr%5C%5Broot-of-the-server%5D__09103vd._.js?2:116:22)
    at resolveErrorDev (http://localhost:3001/_next/static/chunks/0wb9_next_dist_compiled_react-server-dom-turbopack_0bx6.y8._.js:1919:105)
    at processFullStringRow (http://localhost:3001/_next/static/chunks/0wb9_next_dist_compiled_react-server-dom-turbopack_0bx6.y8._.js:2434:29)
    at processFullBinaryRow (http://localhost:3001/_next/static/chunks/0wb9_next_dist_compiled_react-server-dom-turbopack_0bx6.y8._.js:2393:9)
    at processBinaryChunk (http://localhost:3001/_next/static/chunks/0wb9_next_dist_compiled_react-server-dom-turbopack_0bx6.y8._.js:2502:221)
    at progress (http://localhost:3001/_next/static/chunks/0wb9_next_dist_compiled_react-server-dom-turbopack_0bx6.y8._.js:2689:13)
[  234014ms] [ERROR] Failed to load resource: the server responded with a status of 500 (Internal Server Error) @ http://localhost:3001/dashboard?:0
[  234061ms] [INFO] %cDownload the React DevTools for a better development experience: https://react.dev/link/react-devtools font-weight:bold @ http://localhost:3001/_next/static/chunks/0wb9_next_dist_0xopla8._.js:2477
[  234079ms] [LOG] [HMR] connected @ http://localhost:3001/_next/static/chunks/0wb9_next_dist_0xopla8._.js:2477
[  234106ms] Error: Your project's URL and Key are required to create a Supabase client!

Check your Supabase project's API settings to find these values

https://supabase.com/dashboard/project/_/settings/api
    at createServerClient (about://React/Server/C:%5CUsers%5Camita%5CDesktop%5Ckopi%5C.next%5Cdev%5Cserver%5Cchunks%5Cssr%5C0wb9_121hfo2._.js?0:10558:15)
    at createClient (about://React/Server/C:%5CUsers%5Camita%5CDesktop%5Ckopi%5C.next%5Cdev%5Cserver%5Cchunks%5Cssr%5C%5Broot-of-the-server%5D__09103vd._.js?1:44:227)
    at  DashboardPage (about://React/Server/C:%5CUsers%5Camita%5CDesktop%5Ckopi%5C.next%5Cdev%5Cserver%5Cchunks%5Cssr%5C%5Broot-of-the-server%5D__09103vd._.js?2:116:22)
    at resolveErrorDev (http://localhost:3001/_next/static/chunks/0wb9_next_dist_compiled_react-server-dom-turbopack_0bx6.y8._.js:1919:105)
    at processFullStringRow (http://localhost:3001/_next/static/chunks/0wb9_next_dist_compiled_react-server-dom-turbopack_0bx6.y8._.js:2434:29)
    at processFullBinaryRow (http://localhost:3001/_next/static/chunks/0wb9_next_dist_compiled_react-server-dom-turbopack_0bx6.y8._.js:2393:9)
    at processBinaryChunk (http://localhost:3001/_next/static/chunks/0wb9_next_dist_compiled_react-server-dom-turbopack_0bx6.y8._.js:2502:221)
    at progress (http://localhost:3001/_next/static/chunks/0wb9_next_dist_compiled_react-server-dom-turbopack_0bx6.y8._.js:2689:13)
